// Jest Snapshot v1, https://goo.gl/fbAQLP

exports[`Auth.vue Should load the reset password screen 1`] = `
<div class="layout background fill-height">
  <div class="row fill-height my-0">
    <div class="fill-height col col-7">
      <div class="row fill-height align-center">
        <div class="text-center col">
          <h1 class="logo">Ethernal</h1>
          <p>
            Ethernal is an open source block explorer for private EVM-based chains.
          </p>
          <p>
            If you are new to Ethernal, you should keep the <a href="https://doc.tryethernal.com" target="_blank">doc</a> in a tab nearby!
          </p>
        </div>
      </div>
    </div>
    <div class="primary fill-height col col-5">
      <div align-self="center" class="row fill-height align-center">
        <div class="col col-2"></div>
        <div class="col col-8">
          <div class="v-card v-sheet v-sheet--outlined theme--light">
            <div role="alert" class="v-alert mb-0 v-sheet theme--dark v-alert--dense v-alert--text error--text" style="display: none;">
              <div class="v-alert__wrapper"><i aria-hidden="true" class="v-icon notranslate v-alert__icon mdi mdi-alert theme--dark error--text"></i>
                <div class="v-alert__content"></div>
              </div>
            </div>
            <div role="alert" class="v-alert mb-0 v-sheet theme--dark v-alert--dense v-alert--text success--text" style="display: none;">
              <div class="v-alert__wrapper"><i aria-hidden="true" class="v-icon notranslate v-alert__icon mdi mdi-check-circle theme--dark success--text"></i>
                <div class="v-alert__content"></div>
              </div>
            </div>
            <div class="v-card__title">Reset Password</div>
            <div class="v-card__text">
              <form novalidate="novalidate" class="v-form">
                <div class="v-input theme--light v-text-field">
                  <div class="v-input__control">
                    <div class="v-input__slot">
                      <div class="v-text-field__slot"><label for="input-55" class="v-label theme--light" style="left: 0px; position: absolute;">New Password</label><input required="required" name="password" id="input-55" type="password"></div>
                    </div>
                    <div class="v-text-field__details">
                      <div class="v-messages theme--light">
                        <transition-group-stub tag="div" name="message-transition" class="v-messages__wrapper"></transition-group-stub>
                      </div>
                    </div>
                  </div>
                </div>
                <div class="v-card__actions px-0">
                  <div style="float: left;"><small><a>Sign In</a></small><br></div>
                  <div class="spacer"></div> <button type="submit" disabled="disabled" class="v-btn v-btn--disabled v-btn--has-bg theme--light v-size--default"><span class="v-btn__content">Submit</span></button>
                </div>
              </form>
            </div>
          </div>
        </div>
        <div class="col col-2"></div>
      </div>
    </div>
  </div>
</div>
`;

exports[`Auth.vue Should load the send reset password email screen 1`] = `
<div class="layout background fill-height">
  <div class="row fill-height my-0">
    <div class="fill-height col col-7">
      <div class="row fill-height align-center">
        <div class="text-center col">
          <h1 class="logo">Ethernal</h1>
          <p>
            Ethernal is an open source block explorer for private EVM-based chains.
          </p>
          <p>
            If you are new to Ethernal, you should keep the <a href="https://doc.tryethernal.com" target="_blank">doc</a> in a tab nearby!
          </p>
        </div>
      </div>
    </div>
    <div class="primary fill-height col col-5">
      <div align-self="center" class="row fill-height align-center">
        <div class="col col-2"></div>
        <div class="col col-8">
          <div class="v-card v-sheet v-sheet--outlined theme--light">
            <div role="alert" class="v-alert mb-0 v-sheet theme--dark v-alert--dense v-alert--text error--text" style="display: none;">
              <div class="v-alert__wrapper"><i aria-hidden="true" class="v-icon notranslate v-alert__icon mdi mdi-alert theme--dark error--text"></i>
                <div class="v-alert__content"></div>
              </div>
            </div>
            <div role="alert" class="v-alert mb-0 v-sheet theme--dark v-alert--dense v-alert--text success--text" style="display: none;">
              <div class="v-alert__wrapper"><i aria-hidden="true" class="v-icon notranslate v-alert__icon mdi mdi-check-circle theme--dark success--text"></i>
                <div class="v-alert__content"></div>
              </div>
            </div>
            <div class="v-card__title">Forgotten Password?</div>
            <div class="v-card__text">
              Enter your email below and we'll send you a link to reset your password.
              <form novalidate="novalidate" class="v-form">
                <div class="v-input theme--light v-text-field">
                  <div class="v-input__control">
                    <div class="v-input__slot">
                      <div class="v-text-field__slot"><label for="input-38" class="v-label theme--light" style="left: 0px; position: absolute;">Email</label><input required="required" name="email" id="input-38" type="text"></div>
                    </div>
                    <div class="v-text-field__details">
                      <div class="v-messages theme--light">
                        <transition-group-stub tag="div" name="message-transition" class="v-messages__wrapper"></transition-group-stub>
                      </div>
                    </div>
                  </div>
                </div>
                <div class="v-card__actions px-0">
                  <div style="float: left;"><small><a>Sign In</a></small><br> <small><a>Sign Up</a></small></div>
                  <div class="spacer"></div> <button type="submit" disabled="disabled" class="v-btn v-btn--disabled v-btn--has-bg theme--light v-size--default"><span class="v-btn__content">Submit</span></button>
                </div>
              </form>
            </div>
          </div>
        </div>
        <div class="col col-2"></div>
      </div>
    </div>
  </div>
</div>
`;

exports[`Auth.vue Should load the signin screen 1`] = `
<div class="layout background fill-height">
  <div class="row fill-height my-0">
    <div class="fill-height col col-7">
      <div class="row fill-height align-center">
        <div class="text-center col">
          <h1 class="logo">Ethernal</h1>
          <p>
            Ethernal is an open source block explorer for private EVM-based chains.
          </p>
          <p>
            If you are new to Ethernal, you should keep the <a href="https://doc.tryethernal.com" target="_blank">doc</a> in a tab nearby!
          </p>
        </div>
      </div>
    </div>
    <div class="primary fill-height col col-5">
      <div align-self="center" class="row fill-height align-center">
        <div class="col col-2"></div>
        <div class="col col-8">
          <div class="v-card v-sheet v-sheet--outlined theme--light">
            <div role="alert" class="v-alert mb-0 v-sheet theme--dark v-alert--dense v-alert--text error--text" style="display: none;">
              <div class="v-alert__wrapper"><i aria-hidden="true" class="v-icon notranslate v-alert__icon mdi mdi-alert theme--dark error--text"></i>
                <div class="v-alert__content"></div>
              </div>
            </div>
            <div class="v-card__title">Sign In</div>
            <div class="v-card__text">
              <form novalidate="novalidate" class="v-form">
                <div class="v-input theme--light v-text-field">
                  <div class="v-input__control">
                    <div class="v-input__slot">
                      <div class="v-text-field__slot"><label for="input-8" class="v-label theme--light" style="left: 0px; position: absolute;">Email</label><input required="required" name="email" id="input-8" type="text"></div>
                    </div>
                    <div class="v-text-field__details">
                      <div class="v-messages theme--light">
                        <transition-group-stub tag="div" name="message-transition" class="v-messages__wrapper"></transition-group-stub>
                      </div>
                    </div>
                  </div>
                </div>
                <div class="v-input theme--light v-text-field">
                  <div class="v-input__control">
                    <div class="v-input__slot">
                      <div class="v-text-field__slot"><label for="input-11" class="v-label theme--light" style="left: 0px; position: absolute;">Password</label><input required="required" name="password" id="input-11" type="password"></div>
                    </div>
                    <div class="v-text-field__details">
                      <div class="v-messages theme--light">
                        <transition-group-stub tag="div" name="message-transition" class="v-messages__wrapper"></transition-group-stub>
                      </div>
                    </div>
                  </div>
                </div>
                <div class="v-card__actions px-0">
                  <div style="float: left;"><small><a>Sign Up</a></small><br> <small><a>Forgot My Password</a></small></div>
                  <div class="spacer"></div> <button type="submit" disabled="disabled" class="v-btn v-btn--disabled v-btn--has-bg theme--light v-size--default"><span class="v-btn__content">Sign In</span></button>
                </div>
              </form>
            </div>
          </div>
        </div>
        <div class="col col-2"></div>
      </div>
    </div>
  </div>
</div>
`;

exports[`Auth.vue Should load the signup screen 1`] = `
<div class="layout background fill-height">
  <div class="row fill-height my-0">
    <div class="fill-height col col-7">
      <div class="row fill-height align-center">
        <div class="text-center col">
          <h1 class="logo">Ethernal</h1>
          <p>
            Ethernal is an open source block explorer for private EVM-based chains.
          </p>
          <p>
            If you are new to Ethernal, you should keep the <a href="https://doc.tryethernal.com" target="_blank">doc</a> in a tab nearby!
          </p>
        </div>
      </div>
    </div>
    <div class="primary fill-height col col-5">
      <div align-self="center" class="row fill-height align-center">
        <div class="col col-2"></div>
        <div class="col col-8">
          <div class="v-card v-sheet v-sheet--outlined theme--light">
            <div role="alert" class="v-alert mb-0 v-sheet theme--dark v-alert--dense v-alert--text error--text" style="display: none;">
              <div class="v-alert__wrapper"><i aria-hidden="true" class="v-icon notranslate v-alert__icon mdi mdi-alert theme--dark error--text"></i>
                <div class="v-alert__content"></div>
              </div>
            </div>
            <div class="v-card__title">Sign Up</div>
            <div class="v-card__text">
              <form novalidate="novalidate" class="v-form">
                <div class="v-input theme--light v-text-field">
                  <div class="v-input__control">
                    <div class="v-input__slot">
                      <div class="v-text-field__slot"><label for="input-23" class="v-label theme--light" style="left: 0px; position: absolute;">Email</label><input required="required" name="email" id="input-23" type="text"></div>
                    </div>
                    <div class="v-text-field__details">
                      <div class="v-messages theme--light">
                        <transition-group-stub tag="div" name="message-transition" class="v-messages__wrapper"></transition-group-stub>
                      </div>
                    </div>
                  </div>
                </div>
                <div class="v-input theme--light v-text-field">
                  <div class="v-input__control">
                    <div class="v-input__slot">
                      <div class="v-text-field__slot"><label for="input-26" class="v-label theme--light" style="left: 0px; position: absolute;">Password</label><input required="required" name="password" id="input-26" type="password"></div>
                    </div>
                    <div class="v-text-field__details">
                      <div class="v-messages theme--light">
                        <transition-group-stub tag="div" name="message-transition" class="v-messages__wrapper"></transition-group-stub>
                      </div>
                    </div>
                  </div>
                </div>
                <div class="v-card__actions px-0">
                  <div style="float: left;"><small><a>Sign In</a></small><br> <small><a>Forgot My Password</a></small></div>
                  <div class="spacer"></div> <button type="submit" disabled="disabled" class="v-btn v-btn--disabled v-btn--has-bg theme--light v-size--default"><span class="v-btn__content">Sign Up</span></button>
                </div>
              </form>
            </div>
          </div>
        </div>
        <div class="col col-2"></div>
      </div>
    </div>
  </div>
</div>
`;
