// Vitest Snapshot v1, https://vitest.dev/guide/snapshot.html

exports[`ExpandableText.vue > should expand text when clicking view more 1`] = `
"<div data-v-130fe57e="" class="expandable-text">
  <div data-v-130fe57e="" class="d-block overflow-auto pr-10" style="white-space: pre-wrap;">aaaaaaaaaaaaaaaaaaaaaaaaaaaaaaaaaaaaaaaaaaaaaaaaaaaaaaaaaaaaaaaaaaaaaaaaaaaaaaaaaaaaaaaaaaaaaaaaaaaaaaaaaaaaaaaaaaaaaaaaaaaaaaaaaaaaaaaaaaaaaaaaaaaaaaaaaaaaaaaaaaaaaaaaaaaaaaaaaaaaaaaaaaaaaaaaaaaaaaaaaaaaaaaaaaaaaaaaaaaaaaaaaaaaaaaaaaaaaaaaaaaaaaaaaaaaaaaaaaaaaaaaaaaaaaaaaaaaaaaaaaaaaaaaaaaaaaaaaaaaaaaaaaaaaaaaaaaaaaaaaaaaaaaaaaaaaaaaaaaaaaaaaaaaaaaaaaaaaaaaaaaaaaaaaaaaaaaaaaaaaaaaaaaaaaaaaaaaaaaaaaaaaaaaaaaaaaaaaaaaaaaaaaaaaaaaaaaaaaaaaaaaaaaaaaaaaaaaaaaaaaaaaaaaaaaaaaaaaaaaaaaaaaaaaaaaaaaaaaaaaaaaaaaaaaaaaaaaaaaaaaaaaaaaaaaaaaaaaaaaaaaaaaaaaaaaaaaaaaaaaaaaaaaaaaaaaaaaaaaaaaaaaaaaaaaaaaaaaaaa</div>
  <div data-v-130fe57e="" class="copy-btn-container"><button data-v-130fe57e="" type="button" class="v-btn v-theme--light text-primary v-btn--density-default v-btn--size-small v-btn--variant-text" aria-describedby="v-tooltip-1"><span class="v-btn__overlay"></span><span class="v-btn__underlay"></span>
      <!----><span class="v-btn__content" data-no-activator=""><i data-v-130fe57e="" class="mdi-content-copy mdi v-icon notranslate v-theme--light v-icon--size-default" aria-hidden="true"></i></span>
      <!---->
      <!---->
      <!---->
      <!--teleport start-->
      <!--teleport end-->
    </button></div><!-- Toggle button -->
  <div data-v-130fe57e="" class="text-center mt-2"><a data-v-130fe57e="" href="#" class="no-decoration text-uppercase d-flex align-center justify-center"><i data-v-130fe57e="" class="mdi-eye-off mdi v-icon notranslate v-theme--light v-icon--size-small mr-1" aria-hidden="true"></i> VIEW LESS</a></div><!-- Hidden input for fallback copy method --><input data-v-130fe57e="" type="hidden" value="aaaaaaaaaaaaaaaaaaaaaaaaaaaaaaaaaaaaaaaaaaaaaaaaaaaaaaaaaaaaaaaaaaaaaaaaaaaaaaaaaaaaaaaaaaaaaaaaaaaaaaaaaaaaaaaaaaaaaaaaaaaaaaaaaaaaaaaaaaaaaaaaaaaaaaaaaaaaaaaaaaaaaaaaaaaaaaaaaaaaaaaaaaaaaaaaaaaaaaaaaaaaaaaaaaaaaaaaaaaaaaaaaaaaaaaaaaaaaaaaaaaaaaaaaaaaaaaaaaaaaaaaaaaaaaaaaaaaaaaaaaaaaaaaaaaaaaaaaaaaaaaaaaaaaaaaaaaaaaaaaaaaaaaaaaaaaaaaaaaaaaaaaaaaaaaaaaaaaaaaaaaaaaaaaaaaaaaaaaaaaaaaaaaaaaaaaaaaaaaaaaaaaaaaaaaaaaaaaaaaaaaaaaaaaaaaaaaaaaaaaaaaaaaaaaaaaaaaaaaaaaaaaaaaaaaaaaaaaaaaaaaaaaaaaaaaaaaaaaaaaaaaaaaaaaaaaaaaaaaaaaaaaaaaaaaaaaaaaaaaaaaaaaaaaaaaaaaaaaaaaaaaaaaaaaaaaaaaaaaaaaaaaaaaaaaaaaaaaaaa">
</div>"
`;

exports[`ExpandableText.vue > should handle slot content 1`] = `
"<div data-v-130fe57e="" class="expandable-text">
  <div data-v-130fe57e="" class="d-block overflow-auto pr-10" style="white-space: pre-wrap;">Slot content</div>
  <div data-v-130fe57e="" class="copy-btn-container"><button data-v-130fe57e="" type="button" class="v-btn v-theme--light text-primary v-btn--density-default v-btn--size-small v-btn--variant-text"><span class="v-btn__overlay"></span><span class="v-btn__underlay"></span>
      <!----><span class="v-btn__content" data-no-activator=""><i data-v-130fe57e="" class="mdi-content-copy mdi v-icon notranslate v-theme--light v-icon--size-default" aria-hidden="true"></i></span>
      <!---->
      <!---->
      <!---->
      <!--teleport start-->
      <!--teleport end-->
    </button></div><!-- Toggle button -->
  <!--v-if-->
  <!-- Hidden input for fallback copy method --><input data-v-130fe57e="" type="hidden" value="Slot content">
</div>"
`;

exports[`ExpandableText.vue > should render short text without truncation 1`] = `
"<div data-v-130fe57e="" class="expandable-text">
  <div data-v-130fe57e="" class="d-block overflow-auto pr-10" style="white-space: pre-wrap;">Short text</div>
  <div data-v-130fe57e="" class="copy-btn-container"><button data-v-130fe57e="" type="button" class="v-btn v-theme--light text-primary v-btn--density-default v-btn--size-small v-btn--variant-text"><span class="v-btn__overlay"></span><span class="v-btn__underlay"></span>
      <!----><span class="v-btn__content" data-no-activator=""><i data-v-130fe57e="" class="mdi-content-copy mdi v-icon notranslate v-theme--light v-icon--size-default" aria-hidden="true"></i></span>
      <!---->
      <!---->
      <!---->
      <!--teleport start-->
      <!--teleport end-->
    </button></div><!-- Toggle button -->
  <!--v-if-->
  <!-- Hidden input for fallback copy method --><input data-v-130fe57e="" type="hidden" value="Short text">
</div>"
`;

exports[`ExpandableText.vue > should render text in pre tag when pre prop is true 1`] = `
"<div data-v-130fe57e="" class="expandable-text">
  <div data-v-130fe57e="" class="d-block overflow-auto pr-10" style="white-space: pre-wrap;"><pre data-v-130fe57e="" style="white-space: pre-wrap;">Short text</pre>
  </div>
  <div data-v-130fe57e="" class="copy-btn-container"><button data-v-130fe57e="" type="button" class="v-btn v-theme--light text-primary v-btn--density-default v-btn--size-small v-btn--variant-text"><span class="v-btn__overlay"></span><span class="v-btn__underlay"></span>
      <!----><span class="v-btn__content" data-no-activator=""><i data-v-130fe57e="" class="mdi-content-copy mdi v-icon notranslate v-theme--light v-icon--size-default" aria-hidden="true"></i></span>
      <!---->
      <!---->
      <!---->
      <!--teleport start-->
      <!--teleport end-->
    </button></div><!-- Toggle button -->
  <!--v-if-->
  <!-- Hidden input for fallback copy method --><input data-v-130fe57e="" type="hidden" value="Short text">
</div>"
`;

exports[`ExpandableText.vue > should render truncated long text with view more button 1`] = `
"<div data-v-130fe57e="" class="expandable-text">
  <div data-v-130fe57e="" class="d-block overflow-auto pr-10" style="white-space: pre-wrap;">aaaaaaaaaaaaaaaaaaaaaaaaaaaaaaaaaaaaaaaaaaaaaaaaaaaaaaaaaaaaaaaaaaaaaaaaaaaaaaaaaaaaaaaaaaaaaaaaaaaaaaaaaaaaaaaaaaaaaaaaaaaaaaaaaaaaaaaaaaaaaaaaaaaaaaaaaaaaaaaaaaaaaaaaaaaaaaaaaaaaaaaaaaaaaaaaaaaaaaaaaaaaaaaaaaaaaaaaaaaaaaaaaaaaaaaaaaaaaaaaaaaaaaaaaaaaaaaaaaaaaaaaaaaaaaaaaaaaaaaaaaaaaaaaaaaaaaaaaaaaaaaaaaaaaaaaaaaaaaaaaaaaaaaaaaaaaaaaaaaaaaaaaaaaaaaaaaaaaaaaaaaaaaaaaaaaaaaaaaaaaaaaaaaaaaaaaaaaaaaaaaaaaaaaaaaaaaaaaaaaaaaaaaaaaaaaaaaaaaaaaaaaaaaaaaaaaaaaaaaaaaaaaaaaaaaaaaaaaaaaaaaaaaaaaaaaaaaaaaaa...</div>
  <div data-v-130fe57e="" class="copy-btn-container"><button data-v-130fe57e="" type="button" class="v-btn v-theme--light text-primary v-btn--density-default v-btn--size-small v-btn--variant-text"><span class="v-btn__overlay"></span><span class="v-btn__underlay"></span>
      <!----><span class="v-btn__content" data-no-activator=""><i data-v-130fe57e="" class="mdi-content-copy mdi v-icon notranslate v-theme--light v-icon--size-default" aria-hidden="true"></i></span>
      <!---->
      <!---->
      <!---->
      <!--teleport start-->
      <!--teleport end-->
    </button></div><!-- Toggle button -->
  <div data-v-130fe57e="" class="text-center mt-2"><a data-v-130fe57e="" href="#" class="no-decoration text-uppercase d-flex align-center justify-center"><i data-v-130fe57e="" class="mdi-eye mdi v-icon notranslate v-theme--light v-icon--size-small mr-1" aria-hidden="true"></i> VIEW ALL</a></div><!-- Hidden input for fallback copy method --><input data-v-130fe57e="" type="hidden" value="aaaaaaaaaaaaaaaaaaaaaaaaaaaaaaaaaaaaaaaaaaaaaaaaaaaaaaaaaaaaaaaaaaaaaaaaaaaaaaaaaaaaaaaaaaaaaaaaaaaaaaaaaaaaaaaaaaaaaaaaaaaaaaaaaaaaaaaaaaaaaaaaaaaaaaaaaaaaaaaaaaaaaaaaaaaaaaaaaaaaaaaaaaaaaaaaaaaaaaaaaaaaaaaaaaaaaaaaaaaaaaaaaaaaaaaaaaaaaaaaaaaaaaaaaaaaaaaaaaaaaaaaaaaaaaaaaaaaaaaaaaaaaaaaaaaaaaaaaaaaaaaaaaaaaaaaaaaaaaaaaaaaaaaaaaaaaaaaaaaaaaaaaaaaaaaaaaaaaaaaaaaaaaaaaaaaaaaaaaaaaaaaaaaaaaaaaaaaaaaaaaaaaaaaaaaaaaaaaaaaaaaaaaaaaaaaaaaaaaaaaaaaaaaaaaaaaaaaaaaaaaaaaaaaaaaaaaaaaaaaaaaaaaaaaaaaaaaaaaaaaaaaaaaaaaaaaaaaaaaaaaaaaaaaaaaaaaaaaaaaaaaaaaaaaaaaaaaaaaaaaaaaaaaaaaaaaaaaaaaaaaaaaaaaaaaaaaaaaaaa">
</div>"
`;

exports[`ExpandableText.vue > should show copy success icon after copying 1`] = `
"<div data-v-130fe57e="" class="expandable-text">
  <div data-v-130fe57e="" class="d-block overflow-auto pr-10" style="white-space: pre-wrap;">Short text</div>
  <div data-v-130fe57e="" class="copy-btn-container"><button data-v-130fe57e="" type="button" class="v-btn v-theme--light text-primary v-btn--density-default v-btn--size-small v-btn--variant-text" aria-describedby="v-tooltip-1"><span class="v-btn__overlay"></span><span class="v-btn__underlay"></span>
      <!----><span class="v-btn__content" data-no-activator=""><i data-v-130fe57e="" class="mdi-check mdi v-icon notranslate v-theme--light v-icon--size-default" aria-hidden="true"></i></span>
      <!---->
      <!---->
      <!---->
      <!--teleport start-->
      <!--teleport end-->
    </button></div><!-- Toggle button -->
  <!--v-if-->
  <!-- Hidden input for fallback copy method --><input data-v-130fe57e="" type="hidden" value="Short text">
</div>"
`;

exports[`ExpandableText.vue > should show copy success icon after copying 2`] = `
"<div data-v-130fe57e="" class="expandable-text">
  <div data-v-130fe57e="" class="d-block overflow-auto pr-10" style="white-space: pre-wrap;">Short text</div>
  <div data-v-130fe57e="" class="copy-btn-container"><button data-v-130fe57e="" type="button" class="v-btn v-theme--light text-primary v-btn--density-default v-btn--size-small v-btn--variant-text" aria-describedby="v-tooltip-1"><span class="v-btn__overlay"></span><span class="v-btn__underlay"></span>
      <!----><span class="v-btn__content" data-no-activator=""><i data-v-130fe57e="" class="mdi-content-copy mdi v-icon notranslate v-theme--light v-icon--size-default" aria-hidden="true"></i></span>
      <!---->
      <!---->
      <!---->
      <!--teleport start-->
      <!--teleport end-->
    </button></div><!-- Toggle button -->
  <!--v-if-->
  <!-- Hidden input for fallback copy method --><input data-v-130fe57e="" type="hidden" value="Short text">
</div>"
`;
