// Jest Snapshot v1, https://goo.gl/fbAQLP

exports[`processContract Should process associated existing transactions 1`] = `
Object {
  "accessList": Array [],
  "blockHash": "0x50b10286540941286570588a16a59cc73fac0f2d8213ad49e6614d1985fd6d82",
  "blockNumber": 14008967,
  "chainId": 31337,
  "confirmations": 1,
  "data": "0xba118f6300000000000000000000000063606c22157476da3b26ad1c2eae573d0387d7330000000000000000000000000000000000000000000000000000000065a55d7d",
  "from": "0x2d481eeb2ba97955cd081cf218f453a817259ab1",
  "gasLimit": "6721975",
  "gasPrice": "76869329841",
  "hash": "0xaa82e74b71fb20503205beaffb60a38b08c6766a66dae1477b479df0e05f1bbe",
  "methodDetails": Object {
    "label": "setMaturity(
	address payee: 0x63606C22157476Da3B26Ad1c2EAE573D0387D733,
	uint256 maturity: 1705336189
)",
    "name": "setMaturity",
    "signature": "setMaturity(address payee, uint256 maturity)",
  },
  "nonce": 2,
  "r": "0x22ab3ac486de70bfe6735bae92a38e18a37bbfbe09a5facc1c8bb48967a802ee",
  "receipt": Object {
    "blockHash": "0x50b10286540941286570588a16a59cc73fac0f2d8213ad49e6614d1985fd6d82",
    "blockNumber": 14008967,
    "byzantium": true,
    "confirmations": 1,
    "cumulativeGasUsed": "46419",
    "from": "0x2d481eeb2ba97955cd081cf218f453a817259ab1",
    "gasUsed": "46419",
    "logs": Array [],
    "logsBloom": "0x00000000000000000000000000000000000000000000000000000000000000000000000000000000000000000000000000000000000000000000000000000000000000000000000000000000000000000000000000000000000000000000000000000000000000000000000000000000000000000000000000000000000000000000000000000000000000000000000000000000000000000000000000000000000000000000000000000000000000000000000000000000000000000000000000000000000000000000000000000000000000000000000000000000000000000000000000000000000000000000000000000000000000000000000000000000",
    "status": 1,
    "to": "0x63606c22157476da3b26ad1c2eae573d0387d733",
    "transactionHash": "0xaa82e74b71fb20503205beaffb60a38b08c6766a66dae1477b479df0e05f1bbe",
    "transactionIndex": 0,
  },
  "s": "0x6ad0bebea8f80ff739a6cf9f75c057292ee2e29ded602734e5d496bd063797e3",
  "timestamp": 1642264024,
  "to": "0x63606c22157476da3b26ad1c2eae573d0387d733",
  "tokenTransfers": Array [],
  "transactionIndex": 0,
  "type": 2,
  "v": 1,
  "value": "0",
}
`;
